D:\Endeavors\Coding\Projects\G(one) -\G(one) - APP\hardware\gone-phase1-strap\build_phase1.py:19: DeprecationWarning: 'Material.use_nodes' is expected to be removed in Blender 6.0
  m=bpy.data.materials.new(name);m.diffuse_color=(*rgb,1);m.use_nodes=True
D:\Endeavors\Coding\Projects\G(one) -\G(one) - APP\hardware\gone-phase1-strap\build_phase1.py:336: DeprecationWarning: 'World.use_nodes' is expected to be removed in Blender 6.0
  S.world=bpy.data.worlds.new('Neutral studio environment');S.world.use_nodes=True
01:35.000  cycles           | WARNING HIPEW initialization failed: Error opening HIP dynamic library
01:36.000  reports          | WARNING Path 'C:\Users\Aditya Pandey\Downloads\WhatsApp Image 2026-09-19 at 15.23.08 (1).jpeg' cannot be made relative for Image 'WhatsApp Image 2026-09-19 at 15.23.08 (1).jpeg'
Blender 5.2.2 LTS (hash d13f752e3b9c built 2026-09-15 01:37:04)
01:36.000  reports          | WARNING Path 'C:\Users\Aditya Pandey\Downloads\WhatsApp Image 2026-09-19 at 15.23.08.jpeg' cannot be made relative for Image 'WhatsApp Image 2026-09-19 at 15.23.08.jpeg'
01:36.000  reports          | WARNING Path 'C:\Users\Aditya Pandey\Downloads\WhatsApp Image 2026-09-19 at 15.23.09 (1).jpeg' cannot be made relative for Image 'WhatsApp Image 2026-09-19 at 15.23.09 (1).jpeg'
01:36.000  reports          | WARNING Path 'C:\Users\Aditya Pandey\Downloads\WhatsApp Image 2026-09-19 at 15.23.09.jpeg' cannot be made relative for Image 'WhatsApp Image 2026-09-19 at 15.23.09.jpeg'
01:36.000  reports          | WARNING Path 'C:\Users\Aditya Pandey\Downloads\WhatsApp Image 2026-09-19 at 15.27.01.jpeg' cannot be made relative for Image 'WhatsApp Image 2026-09-19 at 15.27.01.jpeg'
01:36.000  reports          | WARNING Path 'C:\Users\Aditya Pandey\Downloads\WhatsApp Image 2026-09-19 at 15.27.07 (1).jpeg' cannot be made relative for Image 'WhatsApp Image 2026-09-19 at 15.27.07 (1).jpeg'
01:36.000  reports          | WARNING Path 'C:\Users\Aditya Pandey\Downloads\WhatsApp Image 2026-09-19 at 15.27.07.jpeg' cannot be made relative for Image 'WhatsApp Image 2026-09-19 at 15.27.07.jpeg'
01:36.000  reports          | WARNING Path 'C:\Users\Aditya Pandey\Downloads\WhatsApp Image 2026-09-19 at 15.27.18 (1).jpeg' cannot be made relative for Image 'WhatsApp Image 2026-09-19 at 15.27.18 (1).jpeg'
01:36.000  reports          | WARNING Path 'C:\Users\Aditya Pandey\Downloads\WhatsApp Image 2026-09-19 at 15.27.18.jpeg' cannot be made relative for Image 'WhatsApp Image 2026-09-19 at 15.27.18.jpeg'
01:36.000  reports          | WARNING Path 'C:\Users\Aditya Pandey\Downloads\WhatsApp Image 2026-09-19 at 15.57.59.jpeg' cannot be made relative for Image 'WhatsApp Image 2026-09-19 at 15.57.59.jpeg'
01:36.000  reports          | WARNING Path 'C:\Users\Aditya Pandey\Downloads\WhatsApp Image 2026-09-19 at 15.58.08.jpeg' cannot be made relative for Image 'WhatsApp Image 2026-09-19 at 15.58.08.jpeg'
Info: Saved as "G-one-Phase-1-Strap.blend"
PHASE1_SAVED 1115
02:21.937  render           | Saved: 'D:\Endeavors\Coding\Projects\G(one) -\G(one) - APP\hardware\gone-phase1-strap\phase1-preview.png'
PREVIEW_COMPLETE

Blender quit
